// Jest Snapshot v1, https://goo.gl/fbAQLP

exports[`Games renders properly 1`] = `
<div>
  <div>
    <h1
      class="my-3"
    >
      Team Games
    </h1>
    <div
      class="d-flex justify-content-between"
    >
      <p>
        <small>
          Pick a game to view the stats.
        </small>
      </p>
      <ul
        class="mt-3 pagination"
      >
        <li
          class="page-item disabled"
        >
          <span
            class="page-link"
          >
            <span
              aria-hidden="true"
            >
              ‹
            </span>
            <span
              class="visually-hidden"
            >
              Previous
            </span>
          </span>
        </li>
        <li
          class="page-item disabled"
        >
          <span
            class="page-link"
          >
            <span
              aria-hidden="true"
            >
              ›
            </span>
            <span
              class="visually-hidden"
            >
              Next
            </span>
          </span>
        </li>
      </ul>
    </div>
    <div
      class="table-responsive"
    >
      <table
        class="table table-hover"
      >
        <thead>
          <tr>
            <th>
              Game
            </th>
            <th>
              Date
            </th>
            <th>
              Score
            </th>
          </tr>
        </thead>
        <tbody />
      </table>
    </div>
  </div>
</div>
`;
