// Jest Snapshot v1, https://goo.gl/fbAQLP

exports[`PaginatedTable renders properly 1`] = `
<div>
  <div>
    <h1
      class="my-3"
    >
      Title
    </h1>
    <div
      class="d-flex justify-content-between"
    >
      <p>
        <small>
          Lorem ipsum
        </small>
      </p>
      <ul
        class="mt-3 pagination"
      >
        <li
          class="page-item disabled"
        >
          <span
            class="page-link"
          >
            <span
              aria-hidden="true"
            >
              ‹
            </span>
            <span
              class="visually-hidden"
            >
              Previous
            </span>
          </span>
        </li>
        <li
          class="page-item"
        >
          <a
            class="page-link"
            href="#"
            role="button"
            tabindex="0"
          >
            <span
              aria-hidden="true"
            >
              ›
            </span>
            <span
              class="visually-hidden"
            >
              Next
            </span>
          </a>
        </li>
      </ul>
    </div>
    <div
      class="table-responsive"
    >
      <table
        class="table table-hover"
      >
        <div>
          Component
        </div>
      </table>
    </div>
  </div>
</div>
`;
