// Jest Snapshot v1, https://goo.gl/fbAQLP

exports[`Logo renders properly 1`] = `
<div>
  <img
    alt="Test-logo"
    class="mx-2"
    height="40"
    loading="lazy"
    src="img/Test.svg"
  />
</div>
`;
